---
source: src/file_transfer/interface/status.rs
expression: data
---
AstarteObject {
    inner: [
        (
            "id",
            String(
                "00000000-0000-0000-0000-000000000128",
            ),
        ),
        (
            "type",
            String(
                "device_to_server",
            ),
        ),
        (
            "code",
            Integer(
                16,
            ),
        ),
        (
            "message",
            String(
                "file transfer request can't be handled currently",
            ),
        ),
    ],
}
