---
source: src/telemetry/stats/cellular/mod.rs
expression: obj
---
AstarteObject {
    inner: [
        (
            "carrier",
            String(
                "Test",
            ),
        ),
        (
            "cellId",
            LongInteger(
                16,
            ),
        ),
        (
            "mobileCountryCode",
            Integer(
                42,
            ),
        ),
        (
            "mobileNetworkCode",
            Integer(
                24,
            ),
        ),
        (
            "localAreaCode",
            Integer(
                2,
            ),
        ),
        (
            "registrationStatus",
            String(
                "NotRegistered",
            ),
        ),
        (
            "rssi",
            Double(
                Double(
                    10.0,
                ),
            ),
        ),
        (
            "technology",
            String(
                "GSM",
            ),
        ),
    ],
}
