---
source: src/telemetry/stats/geolocation/mod.rs
expression: obj
---
AstarteObject {
    inner: [
        (
            "latitude",
            Double(
                Double(
                    1.1,
                ),
            ),
        ),
        (
            "longitude",
            Double(
                Double(
                    2.2,
                ),
            ),
        ),
        (
            "altitude",
            Double(
                Double(
                    3.3,
                ),
            ),
        ),
        (
            "accuracy",
            Double(
                Double(
                    4.4,
                ),
            ),
        ),
        (
            "altitudeAccuracy",
            Double(
                Double(
                    5.5,
                ),
            ),
        ),
        (
            "heading",
            Double(
                Double(
                    6.6,
                ),
            ),
        ),
        (
            "speed",
            Double(
                Double(
                    7.7,
                ),
            ),
        ),
    ],
}
